\BOOKMARK [2][]{Outline0.1}{\376\377\000Q\000u\000e\000s\000t\000i\000o\000n\000\040\0001\000:\000\040\000K\000R\000I\000s\000\040\000M\000a\000i\000n\000t\000e\000n\000a\000n\000c\000e}{}% 1
\BOOKMARK [2][]{Outline0.2}{\376\377\000Q\000u\000e\000s\000t\000i\000o\000n\000\040\0002\000:\000\040\000L\000e\000s\000s\000o\000n\000s\000\040\000L\000e\000a\000r\000n\000e\000d}{}% 2
\BOOKMARK [2][]{Outline0.3}{\376\377\000Q\000u\000e\000s\000t\000i\000o\000n\000\040\0003\000:\000\040\000P\000o\000s\000i\000t\000i\000v\000e\000\040\000R\000i\000s\000k\000\040\000R\000e\000s\000p\000o\000n\000s\000e}{}% 3
\BOOKMARK [2][]{Outline0.4}{\376\377\000Q\000u\000e\000s\000t\000i\000o\000n\000\040\0004\000:\000\040\000R\000i\000s\000k\000\040\000I\000d\000e\000n\000t\000i\000f\000i\000c\000a\000t\000i\000o\000n\000\040\000S\000e\000s\000s\000i\000o\000n\000s}{}% 4
\BOOKMARK [2][]{Outline0.5}{\376\377\000Q\000u\000e\000s\000t\000i\000o\000n\000\040\0005\000:\000\040\000R\000i\000s\000k\000\040\000P\000r\000i\000o\000r\000i\000t\000y\000\040\000N\000u\000m\000b\000e\000r}{}% 5
\BOOKMARK [2][]{Outline0.6}{\376\377\000Q\000u\000e\000s\000t\000i\000o\000n\000\040\0006\000:\000\040\000K\000R\000I\000\040\000M\000o\000s\000t\000\040\000I\000m\000p\000o\000r\000t\000a\000n\000t\000\040\000U\000s\000e}{}% 6
\BOOKMARK [2][]{Outline0.7}{\376\377\000Q\000u\000e\000s\000t\000i\000o\000n\000\040\0007\000:\000\040\000K\000R\000I\000\040\000D\000e\000c\000i\000s\000i\000o\000n\000\040\000M\000a\000k\000e\000r\000s}{}% 7
\BOOKMARK [2][]{Outline0.8}{\376\377\000Q\000u\000e\000s\000t\000i\000o\000n\000\040\0008\000:\000\040\000R\000i\000s\000k\000\040\000S\000c\000e\000n\000a\000r\000i\000o\000\040\000R\000e\000q\000u\000i\000r\000e\000m\000e\000n\000t\000s}{}% 8
\BOOKMARK [2][]{Outline0.9}{\376\377\000Q\000u\000e\000s\000t\000i\000o\000n\000\040\0009\000:\000\040\000R\000i\000s\000k\000\040\000C\000o\000m\000m\000u\000n\000i\000c\000a\000t\000i\000o\000n\000s\000\040\000P\000l\000a\000n}{}% 9
\BOOKMARK [2][]{Outline0.10}{\376\377\000Q\000u\000e\000s\000t\000i\000o\000n\000\040\0001\0000\000:\000\040\000N\000o\000n\000-\000T\000e\000c\000h\000n\000i\000c\000a\000l\000\040\000C\000o\000n\000t\000r\000o\000l\000s}{}% 10
\BOOKMARK [2][]{Outline0.11}{\376\377\000Q\000u\000e\000s\000t\000i\000o\000n\000\040\0001\0001\000:\000\040\000R\000i\000s\000k\000\040\000I\000d\000e\000n\000t\000i\000f\000i\000c\000a\000t\000i\000o\000n\000\040\000T\000o\000o\000l\000s}{}% 11
\BOOKMARK [2][]{Outline0.12}{\376\377\000Q\000u\000e\000s\000t\000i\000o\000n\000\040\0001\0002\000:\000\040\000R\000i\000s\000k\000\040\000U\000t\000i\000l\000i\000t\000y}{}% 12
\BOOKMARK [2][]{Outline0.13}{\376\377\000Q\000u\000e\000s\000t\000i\000o\000n\000\040\0001\0003\000:\000\040\000M\000o\000n\000i\000t\000o\000r\000i\000n\000g\000\040\000T\000o\000o\000l\000\040\000S\000c\000a\000l\000a\000b\000i\000l\000i\000t\000y}{}% 13
\BOOKMARK [2][]{Outline0.14}{\376\377\000Q\000u\000e\000s\000t\000i\000o\000n\000\040\0001\0004\000:\000\040\000R\000i\000s\000k\000\040\000L\000e\000v\000e\000l\000s}{}% 14
\BOOKMARK [2][]{Outline0.15}{\376\377\000Q\000u\000e\000s\000t\000i\000o\000n\000\040\0001\0005\000:\000\040\000G\000r\000o\000u\000p\000i\000n\000g\000\040\000R\000i\000s\000k\000s\000\040\000b\000y\000\040\000C\000a\000u\000s\000e}{}% 15
\BOOKMARK [2][]{Outline0.16}{\376\377\000Q\000u\000e\000s\000t\000i\000o\000n\000\040\0001\0006\000:\000\040\000R\000i\000s\000k\000\040\000C\000o\000m\000m\000u\000n\000i\000c\000a\000t\000i\000o\000n\000\040\000D\000e\000f\000i\000n\000i\000t\000i\000o\000n}{}% 16
\BOOKMARK [2][]{Outline0.17}{\376\377\000Q\000u\000e\000s\000t\000i\000o\000n\000\040\0001\0007\000:\000\040\000R\000i\000s\000k\000\040\000I\000d\000e\000n\000t\000i\000f\000i\000c\000a\000t\000i\000o\000n\000\040\000O\000u\000t\000p\000u\000t}{}% 17
\BOOKMARK [2][]{Outline0.18}{\376\377\000Q\000u\000e\000s\000t\000i\000o\000n\000\040\0001\0008\000:\000\040\000R\000i\000s\000k\000\040\000S\000c\000e\000n\000a\000r\000i\000o\000\040\000C\000o\000m\000p\000o\000n\000e\000n\000t\000s}{}% 18
\BOOKMARK [2][]{Outline0.19}{\376\377\000Q\000u\000e\000s\000t\000i\000o\000n\000\040\0001\0009\000:\000\040\000C\000o\000n\000t\000r\000o\000l\000\040\000R\000e\000l\000i\000a\000b\000i\000l\000i\000t\000y}{}% 19
\BOOKMARK [2][]{Outline0.20}{\376\377\000Q\000u\000e\000s\000t\000i\000o\000n\000\040\0002\0000\000:\000\040\000R\000i\000s\000k\000\040\000M\000a\000t\000u\000r\000i\000t\000y\000\040\000L\000e\000v\000e\000l\000\040\0001}{}% 20
\BOOKMARK [2][]{Outline0.21}{\376\377\000Q\000u\000e\000s\000t\000i\000o\000n\000\040\0002\0001\000:\000\040\000R\000e\000v\000i\000e\000w\000i\000n\000g\000\040\000R\000i\000s\000k\000\040\000R\000e\000s\000p\000o\000n\000s\000e\000\040\000O\000p\000t\000i\000o\000n\000s}{}% 21
\BOOKMARK [2][]{Outline0.22}{\376\377\000Q\000u\000e\000s\000t\000i\000o\000n\000\040\0002\0002\000:\000\040\000F\000a\000u\000l\000t\000\040\000T\000r\000e\000e\000\040\000A\000n\000a\000l\000y\000s\000i\000s}{}% 22
\BOOKMARK [2][]{Outline0.23}{\376\377\000Q\000u\000e\000s\000t\000i\000o\000n\000\040\0002\0003\000:\000\040\000R\000i\000s\000k\000\040\000T\000r\000e\000a\000t\000m\000e\000n\000t}{}% 23
\BOOKMARK [2][]{Outline0.24}{\376\377\000Q\000u\000e\000s\000t\000i\000o\000n\000\040\0002\0004\000:\000\040\000S\000O\000X\000\040\000S\000e\000c\000t\000i\000o\000n\000\040\0003\0000\0002}{}% 24
\BOOKMARK [2][]{Outline0.25}{\376\377\000Q\000u\000e\000s\000t\000i\000o\000n\000\040\0002\0005\000:\000\040\000P\000r\000i\000m\000a\000r\000y\000\040\000N\000e\000e\000d\000\040\000f\000o\000r\000\040\000C\000o\000n\000t\000r\000o\000l\000s\000\040\000A\000s\000s\000e\000s\000s\000m\000e\000n\000t}{}% 25
\BOOKMARK [2][]{Outline0.26}{\376\377\000Q\000u\000e\000s\000t\000i\000o\000n\000\040\0002\0006\000:\000\040\000F\000a\000s\000t\000\040\000T\000r\000a\000c\000k\000i\000n\000g}{}% 26
\BOOKMARK [2][]{Outline0.27}{\376\377\000Q\000u\000e\000s\000t\000i\000o\000n\000\040\0002\0007\000:\000\040\000R\000i\000s\000k\000\040\000M\000i\000t\000i\000g\000a\000t\000i\000o\000n}{}% 27
\BOOKMARK [2][]{Outline0.28}{\376\377\000Q\000u\000e\000s\000t\000i\000o\000n\000\040\0002\0008\000:\000\040\000I\000S\000\040\000C\000o\000n\000t\000r\000o\000l\000\040\000O\000b\000j\000e\000c\000t\000i\000v\000e}{}% 28
\BOOKMARK [2][]{Outline0.29}{\376\377\000Q\000u\000e\000s\000t\000i\000o\000n\000\040\0002\0009\000:\000\040\000B\000u\000s\000i\000n\000e\000s\000s\000\040\000C\000o\000n\000t\000i\000n\000u\000i\000t\000y\000\040\000S\000t\000r\000a\000t\000e\000g\000y}{}% 29
\BOOKMARK [2][]{Outline0.30}{\376\377\000Q\000u\000e\000s\000t\000i\000o\000n\000\040\0003\0000\000:\000\040\000M\000a\000t\000u\000r\000i\000t\000y\000\040\000L\000e\000v\000e\000l\000\040\0005}{}% 30
\BOOKMARK [2][]{Outline0.31}{\376\377\000Q\000u\000e\000s\000t\000i\000o\000n\000\040\0003\0001\000:\000\040\000C\000o\000s\000t\000\040\000P\000e\000r\000f\000o\000r\000m\000a\000n\000c\000e\000\040\000I\000n\000d\000e\000x}{}% 31
\BOOKMARK [2][]{Outline0.32}{\376\377\000Q\000u\000e\000s\000t\000i\000o\000n\000\040\0003\0002\000:\000\040\000D\000i\000r\000e\000c\000t\000\040\000v\000s\000\040\000I\000n\000d\000i\000r\000e\000c\000t\000\040\000I\000n\000f\000o\000r\000m\000a\000t\000i\000o\000n}{}% 32
\BOOKMARK [2][]{Outline0.33}{\376\377\000Q\000u\000e\000s\000t\000i\000o\000n\000\040\0003\0003\000:\000\040\000S\000a\000l\000i\000e\000n\000c\000e\000\040\000M\000o\000d\000e\000l}{}% 33
\BOOKMARK [2][]{Outline0.34}{\376\377\000Q\000u\000e\000s\000t\000i\000o\000n\000\040\0003\0004\000:\000\040\000F\000i\000r\000s\000t\000\040\000S\000t\000e\000p\000\040\000i\000n\000\040\000R\000i\000s\000k\000\040\000A\000s\000s\000e\000s\000s\000m\000e\000n\000t}{}% 34
\BOOKMARK [2][]{Outline0.35}{\376\377\000Q\000u\000e\000s\000t\000i\000o\000n\000\040\0003\0005\000:\000\040\000R\000i\000s\000k\000\040\000T\000h\000r\000e\000s\000h\000o\000l\000d\000\040\000M\000a\000t\000r\000i\000x}{}% 35
\BOOKMARK [2][]{Outline0.36}{\376\377\000Q\000u\000e\000s\000t\000i\000o\000n\000\040\0003\0006\000:\000\040\000R\000i\000s\000k\000\040\000A\000p\000p\000e\000t\000i\000t\000e\000\040\000F\000a\000c\000t\000o\000r\000s}{}% 36
\BOOKMARK [2][]{Outline0.37}{\376\377\000Q\000u\000e\000s\000t\000i\000o\000n\000\040\0003\0007\000:\000\040\000R\000i\000s\000k\000\040\000M\000o\000n\000i\000t\000o\000r\000i\000n\000g\000\040\000P\000r\000o\000c\000e\000s\000s}{}% 37
\BOOKMARK [2][]{Outline0.38}{\376\377\000Q\000u\000e\000s\000t\000i\000o\000n\000\040\0003\0008\000:\000\040\000S\000i\000n\000g\000l\000e\000\040\000L\000o\000s\000s\000\040\000E\000x\000p\000e\000c\000t\000a\000n\000c\000y}{}% 38
\BOOKMARK [2][]{Outline0.39}{\376\377\000Q\000u\000e\000s\000t\000i\000o\000n\000\040\0003\0009\000:\000\040\000A\000c\000c\000e\000s\000s\000\040\000C\000o\000n\000t\000r\000o\000l\000\040\000P\000r\000i\000n\000c\000i\000p\000l\000e\000s}{}% 39
\BOOKMARK [2][]{Outline0.40}{\376\377\000Q\000u\000e\000s\000t\000i\000o\000n\000\040\0004\0000\000:\000\040\000K\000R\000I\000\040\000M\000a\000i\000n\000t\000e\000n\000a\000n\000c\000e\000\040\000R\000e\000a\000s\000o\000n}{}% 40
\BOOKMARK [2][]{Outline0.41}{\376\377\000Q\000u\000e\000s\000t\000i\000o\000n\000\040\0004\0001\000:\000\040\000T\000e\000c\000h\000n\000i\000c\000a\000l\000\040\000C\000o\000n\000t\000r\000o\000l\000s}{}% 41
\BOOKMARK [2][]{Outline0.42}{\376\377\000Q\000u\000e\000s\000t\000i\000o\000n\000\040\0004\0002\000:\000\040\000B\000r\000a\000i\000n\000s\000t\000o\000r\000m\000i\000n\000g}{}% 42
\BOOKMARK [2][]{Outline0.43}{\376\377\000Q\000u\000e\000s\000t\000i\000o\000n\000\040\0004\0003\000:\000\040\000A\000d\000m\000i\000n\000i\000s\000t\000r\000a\000t\000i\000v\000e\000\040\000C\000o\000n\000t\000r\000o\000l}{}% 43
\BOOKMARK [2][]{Outline0.44}{\376\377\000Q\000u\000e\000s\000t\000i\000o\000n\000\040\0004\0004\000:\000\040\000R\000i\000s\000k\000\040\000M\000a\000n\000a\000g\000e\000m\000e\000n\000t\000\040\000P\000l\000a\000n}{}% 44
\BOOKMARK [2][]{Outline0.45}{\376\377\000Q\000u\000e\000s\000t\000i\000o\000n\000\040\0004\0005\000:\000\040\000R\000i\000s\000k\000\040\000D\000o\000c\000u\000m\000e\000n\000t\000a\000t\000i\000o\000n}{}% 45
\BOOKMARK [2][]{Outline0.46}{\376\377\000Q\000u\000e\000s\000t\000i\000o\000n\000\040\0004\0006\000:\000\040\000R\000i\000s\000k\000\040\000T\000r\000a\000n\000s\000f\000e\000r\000e\000n\000c\000e}{}% 46
\BOOKMARK [2][]{Outline0.47}{\376\377\000Q\000u\000e\000s\000t\000i\000o\000n\000\040\0004\0007\000:\000\040\000A\000c\000t\000i\000v\000i\000t\000y\000\040\000D\000u\000r\000a\000t\000i\000o\000n\000\040\000E\000s\000t\000i\000m\000a\000t\000e\000s}{}% 47
\BOOKMARK [2][]{Outline0.48}{\376\377\000Q\000u\000e\000s\000t\000i\000o\000n\000\040\0004\0008\000:\000\040\000L\000o\000s\000s\000\040\000o\000f\000\040\000I\000n\000t\000e\000g\000r\000i\000t\000y}{}% 48
\BOOKMARK [2][]{Outline0.49}{\376\377\000Q\000u\000e\000s\000t\000i\000o\000n\000\040\0004\0009\000:\000\040\000I\000S\000\040\000C\000o\000n\000t\000r\000o\000l\000\040\000D\000e\000s\000i\000g\000n}{}% 49
\BOOKMARK [2][]{Outline0.50}{\376\377\000Q\000u\000e\000s\000t\000i\000o\000n\000\040\0005\0000\000:\000\040\000E\000f\000f\000e\000c\000t\000i\000v\000e\000\040\000C\000o\000m\000m\000u\000n\000i\000c\000a\000t\000i\000o\000n\000\040\000I\000n\000h\000i\000b\000i\000t\000o\000r}{}% 50
\BOOKMARK [2][]{Outline0.51}{\376\377\000Q\000u\000e\000s\000t\000i\000o\000n\000\040\0005\0001\000:\000\040\000L\000o\000w\000\040\000P\000r\000i\000o\000r\000i\000t\000y\000\040\000R\000i\000s\000k\000s}{}% 51
\BOOKMARK [2][]{Outline0.52}{\376\377\000Q\000u\000e\000s\000t\000i\000o\000n\000\040\0005\0002\000:\000\040\000I\000D\000S\000\040\000C\000o\000n\000t\000r\000o\000l\000\040\000T\000y\000p\000e}{}% 52
\BOOKMARK [2][]{Outline0.53}{\376\377\000Q\000u\000e\000s\000t\000i\000o\000n\000\040\0005\0003\000:\000\040\000A\000u\000d\000i\000t\000\040\000a\000n\000d\000\040\000A\000c\000c\000o\000u\000n\000t\000a\000b\000i\000l\000i\000t\000y}{}% 53
\BOOKMARK [2][]{Outline0.54}{\376\377\000Q\000u\000e\000s\000t\000i\000o\000n\000\040\0005\0004\000:\000\040\000R\000i\000s\000k\000\040\000R\000e\000s\000p\000o\000n\000s\000e\000\040\000T\000r\000i\000g\000g\000e\000r}{}% 54
\BOOKMARK [2][]{Outline0.55}{\376\377\000Q\000u\000e\000s\000t\000i\000o\000n\000\040\0005\0005\000:\000\040\000E\000x\000p\000o\000s\000u\000r\000e\000\040\000F\000a\000c\000t\000o\000r\000\040\000V\000a\000l\000u\000e}{}% 55
\BOOKMARK [2][]{Outline0.56}{\376\377\000Q\000u\000e\000s\000t\000i\000o\000n\000\040\0005\0006\000:\000\040\000P\000o\000s\000i\000t\000i\000v\000e\000\040\000R\000i\000s\000k\000\040\000E\000x\000p\000l\000o\000i\000t}{}% 56
\BOOKMARK [2][]{Outline0.57}{\376\377\000Q\000u\000e\000s\000t\000i\000o\000n\000\040\0005\0007\000:\000\040\000A\000L\000E\000\040\000F\000o\000r\000m\000u\000l\000a}{}% 57
\BOOKMARK [2][]{Outline0.58}{\376\377\000Q\000u\000e\000s\000t\000i\000o\000n\000\040\0005\0008\000:\000\040\000M\000a\000t\000u\000r\000i\000t\000y\000\040\000L\000e\000v\000e\000l\000\040\0003}{}% 58
\BOOKMARK [2][]{Outline0.59}{\376\377\000Q\000u\000e\000s\000t\000i\000o\000n\000\040\0005\0009\000:\000\040\000R\000i\000s\000k\000\040\000P\000r\000o\000f\000i\000l\000e\000\040\000R\000e\000s\000p\000o\000n\000s\000i\000b\000i\000l\000i\000t\000y}{}% 59
\BOOKMARK [2][]{Outline0.60}{\376\377\000Q\000u\000e\000s\000t\000i\000o\000n\000\040\0006\0000\000:\000\040\000P\000o\000o\000r\000\040\000P\000a\000s\000s\000w\000o\000r\000d\000\040\000Q\000u\000a\000l\000i\000t\000y}{}% 60
\BOOKMARK [2][]{Outline0.61}{\376\377\000Q\000u\000e\000s\000t\000i\000o\000n\000\040\0006\0001\000:\000\040\000O\000u\000t\000s\000o\000u\000r\000c\000e\000d\000\040\000S\000e\000r\000v\000i\000c\000e\000\040\000P\000r\000o\000v\000i\000d\000e\000r\000\040\000C\000o\000m\000p\000l\000i\000a\000n\000c\000e}{}% 61
\BOOKMARK [2][]{Outline0.62}{\376\377\000Q\000u\000e\000s\000t\000i\000o\000n\000\040\0006\0002\000:\000\040\000R\000i\000s\000k\000\040\000P\000r\000i\000o\000r\000i\000t\000i\000z\000a\000t\000i\000o\000n}{}% 62
\BOOKMARK [2][]{Outline0.63}{\376\377\000Q\000u\000e\000s\000t\000i\000o\000n\000\040\0006\0003\000:\000\040\000F\000i\000r\000e\000w\000a\000l\000l\000\040\000C\000o\000m\000p\000l\000i\000a\000n\000c\000e}{}% 63
\BOOKMARK [2][]{Outline0.64}{\376\377\000Q\000u\000e\000s\000t\000i\000o\000n\000\040\0006\0004\000:\000\040\000C\000r\000i\000t\000i\000c\000a\000l\000\040\000S\000u\000c\000c\000e\000s\000s\000\040\000F\000a\000c\000t\000o\000r\000s}{}% 64
\BOOKMARK [2][]{Outline0.65}{\376\377\000Q\000u\000e\000s\000t\000i\000o\000n\000\040\0006\0005\000:\000\040\000R\000i\000s\000k\000\040\000M\000a\000n\000a\000g\000e\000m\000e\000n\000t\000\040\000P\000l\000a\000n}{}% 65
\BOOKMARK [2][]{Outline0.66}{\376\377\000Q\000u\000e\000s\000t\000i\000o\000n\000\040\0006\0006\000:\000\040\000R\000i\000s\000k\000\040\000R\000e\000s\000p\000o\000n\000s\000e\000\040\000T\000o\000o\000l}{}% 66
\BOOKMARK [2][]{Outline0.67}{\376\377\000Q\000u\000e\000s\000t\000i\000o\000n\000\040\0006\0007\000:\000\040\000M\000a\000t\000u\000r\000i\000t\000y\000\040\000L\000e\000v\000e\000l\000\040\0000}{}% 67
\BOOKMARK [2][]{Outline0.68}{\376\377\000Q\000u\000e\000s\000t\000i\000o\000n\000\040\0006\0008\000:\000\040\000D\000a\000t\000a\000\040\000O\000w\000n\000e\000r\000\040\000P\000r\000i\000o\000r\000i\000t\000y}{}% 68
\BOOKMARK [2][]{Outline0.69}{\376\377\000Q\000u\000e\000s\000t\000i\000o\000n\000\040\0006\0009\000:\000\040\000A\000c\000c\000e\000p\000t\000a\000b\000l\000e\000\040\000U\000s\000e\000\040\000P\000o\000l\000i\000c\000y}{}% 69
\BOOKMARK [2][]{Outline0.70}{\376\377\000Q\000u\000e\000s\000t\000i\000o\000n\000\040\0007\0000\000:\000\040\000R\000i\000s\000k\000\040\000R\000e\000s\000p\000o\000n\000s\000e\000\040\000T\000y\000p\000e}{}% 70
\BOOKMARK [2][]{Outline0.71}{\376\377\000Q\000u\000e\000s\000t\000i\000o\000n\000\040\0007\0001\000:\000\040\000P\000l\000a\000n\000\040\000R\000i\000s\000k\000\040\000R\000e\000s\000p\000o\000n\000s\000e}{}% 71
\BOOKMARK [2][]{Outline0.72}{\376\377\000Q\000u\000e\000s\000t\000i\000o\000n\000\040\0007\0002\000:\000\040\000N\000e\000g\000a\000t\000i\000v\000e\000\040\000R\000i\000s\000k\000\040\000R\000e\000s\000p\000o\000n\000s\000e}{}% 72
\BOOKMARK [2][]{Outline0.73}{\376\377\000Q\000u\000e\000s\000t\000i\000o\000n\000\040\0007\0003\000:\000\040\000I\000n\000v\000e\000s\000t\000m\000e\000n\000t\000/\000E\000x\000p\000e\000n\000s\000e\000\040\000R\000i\000s\000k}{}% 73
\BOOKMARK [2][]{Outline0.74}{\376\377\000Q\000u\000e\000s\000t\000i\000o\000n\000\040\0007\0004\000:\000\040\000R\000i\000s\000k\000\040\000S\000c\000e\000n\000a\000r\000i\000o\000\040\000R\000e\000q\000u\000i\000r\000e\000m\000e\000n\000t\000s}{}% 74
\BOOKMARK [2][]{Outline0.75}{\376\377\000Q\000u\000e\000s\000t\000i\000o\000n\000\040\0007\0005\000:\000\040\000C\000R\000O\000\040\000R\000e\000s\000p\000o\000n\000s\000i\000b\000i\000l\000i\000t\000i\000e\000s}{}% 75
\BOOKMARK [2][]{Outline0.76}{\376\377\000Q\000u\000e\000s\000t\000i\000o\000n\000\040\0007\0006\000:\000\040\000V\000e\000n\000d\000o\000r\000\040\000C\000h\000a\000n\000g\000e\000\040\000C\000o\000n\000t\000r\000o\000l}{}% 76
\BOOKMARK [2][]{Outline0.77}{\376\377\000Q\000u\000e\000s\000t\000i\000o\000n\000\040\0007\0007\000:\000\040\000C\000o\000n\000t\000r\000o\000l\000\040\000C\000o\000s\000t\000\040\000v\000s\000\040\000B\000e\000n\000e\000f\000i\000t}{}% 77
\BOOKMARK [2][]{Outline0.78}{\376\377\000Q\000u\000e\000s\000t\000i\000o\000n\000\040\0007\0008\000:\000\040\000M\000o\000r\000t\000a\000l\000i\000t\000y\000\040\000T\000a\000b\000l\000e\000s}{}% 78
\BOOKMARK [2][]{Outline0.79}{\376\377\000Q\000u\000e\000s\000t\000i\000o\000n\000\040\0007\0009\000:\000\040\000R\000i\000s\000k\000\040\000T\000r\000a\000n\000s\000f\000e\000r\000e\000n\000c\000e}{}% 79
\BOOKMARK [2][]{Outline0.80}{\376\377\000Q\000u\000e\000s\000t\000i\000o\000n\000\040\0008\0000\000:\000\040\000P\000r\000o\000j\000e\000c\000t\000\040\000T\000e\000a\000m\000\040\000I\000n\000v\000o\000l\000v\000e\000m\000e\000n\000t}{}% 80
\BOOKMARK [2][]{Outline0.81}{\376\377\000Q\000u\000e\000s\000t\000i\000o\000n\000\040\0008\0001\000:\000\040\000R\000i\000s\000k\000\040\000M\000o\000n\000i\000t\000o\000r\000i\000n\000g\000\040\000R\000e\000q\000u\000i\000r\000e\000m\000e\000n\000t\000s}{}% 81
\BOOKMARK [2][]{Outline0.82}{\376\377\000Q\000u\000e\000s\000t\000i\000o\000n\000\040\0008\0002\000:\000\040\000I\000n\000s\000u\000r\000a\000n\000c\000e\000\040\000R\000i\000s\000k\000\040\000T\000e\000c\000h\000n\000i\000q\000u\000e}{}% 82
\BOOKMARK [2][]{Outline0.83}{\376\377\000Q\000u\000e\000s\000t\000i\000o\000n\000\040\0008\0003\000:\000\040\000I\000m\000p\000r\000o\000v\000i\000n\000g\000\040\000P\000r\000o\000j\000e\000c\000t\000\040\000P\000e\000r\000f\000o\000r\000m\000a\000n\000c\000e}{}% 83
\BOOKMARK [2][]{Outline0.84}{\376\377\000Q\000u\000e\000s\000t\000i\000o\000n\000\040\0008\0004\000:\000\040\000P\000r\000o\000j\000e\000c\000t\000\040\000R\000i\000s\000k\000\040\000T\000i\000m\000i\000n\000g}{}% 84
\BOOKMARK [2][]{Outline0.85}{\376\377\000Q\000u\000e\000s\000t\000i\000o\000n\000\040\0008\0005\000:\000\040\000R\000i\000s\000k\000\040\000L\000e\000v\000e\000l\000\040\000I\000n\000d\000i\000c\000a\000t\000i\000o\000n}{}% 85
\BOOKMARK [2][]{Outline0.86}{\376\377\000Q\000u\000e\000s\000t\000i\000o\000n\000\040\0008\0006\000:\000\040\000C\000o\000m\000m\000u\000n\000i\000c\000a\000t\000i\000o\000n\000s\000\040\000M\000a\000n\000a\000g\000e\000m\000e\000n\000t\000\040\000P\000l\000a\000n}{}% 86
\BOOKMARK [2][]{Outline0.87}{\376\377\000Q\000u\000e\000s\000t\000i\000o\000n\000\040\0008\0007\000:\000\040\000D\000e\000l\000p\000h\000i\000\040\000T\000e\000c\000h\000n\000i\000q\000u\000e}{}% 87
\BOOKMARK [2][]{Outline0.88}{\376\377\000Q\000u\000e\000s\000t\000i\000o\000n\000\040\0008\0008\000:\000\040\000L\000a\000c\000k\000\040\000o\000f\000\040\000C\000o\000n\000t\000r\000o\000l\000s}{}% 88
\BOOKMARK [2][]{Outline0.89}{\376\377\000Q\000u\000e\000s\000t\000i\000o\000n\000\040\0008\0009\000:\000\040\000R\000i\000s\000k\000\040\000R\000e\000g\000i\000s\000t\000e\000r\000\040\000U\000p\000d\000a\000t\000e\000s}{}% 89
\BOOKMARK [2][]{Outline0.90}{\376\377\000Q\000u\000e\000s\000t\000i\000o\000n\000\040\0009\0000\000:\000\040\000S\000y\000s\000t\000e\000m\000i\000c\000\040\000R\000i\000s\000k}{}% 90
\BOOKMARK [2][]{Outline0.91}{\376\377\000Q\000u\000e\000s\000t\000i\000o\000n\000\040\0009\0001\000:\000\040\000R\000i\000s\000k\000\040\000R\000a\000t\000i\000n\000g\000\040\000R\000u\000l\000e\000s}{}% 91
\BOOKMARK [2][]{Outline0.92}{\376\377\000Q\000u\000e\000s\000t\000i\000o\000n\000\040\0009\0002\000:\000\040\000C\000h\000a\000n\000g\000e\000\040\000R\000e\000q\000u\000e\000s\000t\000\040\000I\000m\000m\000e\000d\000i\000a\000t\000e\000\040\000A\000c\000t\000i\000o\000n}{}% 92
\BOOKMARK [2][]{Outline0.93}{\376\377\000Q\000u\000e\000s\000t\000i\000o\000n\000\040\0009\0003\000:\000\040\000C\000e\000r\000t\000a\000i\000n\000t\000y\000\040\000E\000q\000u\000i\000v\000a\000l\000e\000n\000t\000\040\000V\000a\000l\000u\000e}{}% 93
\BOOKMARK [2][]{Outline0.94}{\376\377\000Q\000u\000e\000s\000t\000i\000o\000n\000\040\0009\0004\000:\000\040\000R\000i\000s\000k\000\040\000T\000r\000i\000g\000g\000e\000r}{}% 94
\BOOKMARK [2][]{Outline0.95}{\376\377\000Q\000u\000e\000s\000t\000i\000o\000n\000\040\0009\0005\000:\000\040\000Q\000u\000a\000n\000t\000i\000t\000a\000t\000i\000v\000e\000\040\000A\000n\000a\000l\000y\000s\000i\000s\000\040\000I\000n\000p\000u\000t\000s}{}% 95
\BOOKMARK [2][]{Outline0.96}{\376\377\000Q\000u\000e\000s\000t\000i\000o\000n\000\040\0009\0006\000:\000\040\000L\000o\000w\000\040\000R\000i\000s\000k\000\040\000E\000v\000e\000n\000t\000s}{}% 96
\BOOKMARK [2][]{Outline0.97}{\376\377\000Q\000u\000e\000s\000t\000i\000o\000n\000\040\0009\0007\000:\000\040\000N\000e\000w\000l\000y\000\040\000I\000d\000e\000n\000t\000i\000f\000i\000e\000d\000\040\000R\000i\000s\000k\000s}{}% 97
\BOOKMARK [2][]{Outline0.98}{\376\377\000Q\000u\000e\000s\000t\000i\000o\000n\000\040\0009\0008\000:\000\040\000R\000i\000s\000k\000\040\000A\000v\000o\000i\000d\000a\000n\000c\000e}{}% 98
\BOOKMARK [2][]{Outline0.99}{\376\377\000Q\000u\000e\000s\000t\000i\000o\000n\000\040\0009\0009\000:\000\040\000C\000O\000S\000O\000\040\000E\000R\000M\000\040\000C\000o\000m\000p\000o\000n\000e\000n\000t\000s}{}% 99
\BOOKMARK [2][]{Outline0.100}{\376\377\000Q\000u\000e\000s\000t\000i\000o\000n\000\040\0001\0000\0000\000:\000\040\000Q\000u\000a\000n\000t\000i\000t\000a\000t\000i\000v\000e\000\040\000A\000n\000a\000l\000y\000s\000i\000s\000\040\000O\000u\000t\000p\000u\000t}{}% 100
\BOOKMARK [2][]{Outline0.101}{\376\377\000F\000i\000n\000a\000l\000\040\000R\000e\000v\000i\000e\000w}{}% 101
