\BOOKMARK [1][-]{section.1}{\376\377\000I\000n\000t\000r\000o\000d\000u\000c\000t\000i\000o\000n}{}% 1
\BOOKMARK [1][-]{section.2}{\376\377\000U\000n\000d\000e\000r\000s\000t\000a\000n\000d\000i\000n\000g\000\040\000B\000r\000i\000d\000g\000e\000\040\000T\000a\000b\000l\000e\000s}{}% 2
\BOOKMARK [2][-]{subsection.2.1}{\376\377\000C\000o\000m\000m\000o\000n\000\040\000B\000r\000i\000d\000g\000e\000\040\000T\000a\000b\000l\000e\000\040\000P\000a\000t\000t\000e\000r\000n\000s}{section.2}% 3
\BOOKMARK [1][-]{section.3}{\376\377\000A\000p\000p\000r\000o\000a\000c\000h\000\040\000t\000o\000\040\000C\000o\000m\000p\000l\000e\000x\000\040\000J\000o\000i\000n\000s}{}% 4
\BOOKMARK [2][-]{subsection.3.1}{\376\377\000S\000t\000e\000p\000\040\0001\000:\000\040\000D\000a\000t\000a\000\040\000D\000i\000s\000c\000o\000v\000e\000r\000y}{section.3}% 5
\BOOKMARK [2][-]{subsection.3.2}{\376\377\000S\000t\000e\000p\000\040\0002\000:\000\040\000J\000o\000i\000n\000\040\000P\000a\000t\000h\000\040\000I\000d\000e\000n\000t\000i\000f\000i\000c\000a\000t\000i\000o\000n}{section.3}% 6
\BOOKMARK [2][-]{subsection.3.3}{\376\377\000S\000t\000e\000p\000\040\0003\000:\000\040\000Q\000u\000e\000r\000y\000\040\000C\000o\000n\000s\000t\000r\000u\000c\000t\000i\000o\000n}{section.3}% 7
\BOOKMARK [1][-]{section.4}{\376\377\000D\000a\000t\000a\000\040\000V\000o\000l\000u\000m\000e\000\040\000S\000t\000r\000a\000t\000e\000g\000y}{}% 8
\BOOKMARK [2][-]{subsection.4.1}{\376\377\000I\000n\000t\000e\000g\000r\000a\000t\000i\000o\000n\000\040\000w\000i\000t\000h\000\040\000P\000y\000t\000h\000o\000n}{section.4}% 9
\BOOKMARK [2][-]{subsection.4.2}{\376\377\000P\000y\000S\000p\000a\000r\000k\000\040\000f\000o\000r\000\040\000L\000a\000r\000g\000e\000r\000\040\000D\000a\000t\000a\000s\000e\000t\000s}{section.4}% 10
\BOOKMARK [1][-]{section.5}{\376\377\000W\000o\000r\000k\000i\000n\000g\000\040\000w\000i\000t\000h\000\040\000L\000i\000m\000i\000t\000e\000d\000\040\000I\000n\000f\000o\000r\000m\000a\000t\000i\000o\000n}{}% 11
\BOOKMARK [2][-]{subsection.5.1}{\376\377\000E\000x\000p\000l\000o\000r\000a\000t\000o\000r\000y\000\040\000T\000e\000c\000h\000n\000i\000q\000u\000e\000s}{section.5}% 12
\BOOKMARK [2][-]{subsection.5.2}{\376\377\000H\000a\000n\000d\000l\000i\000n\000g\000\040\000M\000i\000s\000s\000i\000n\000g\000\040\000I\000n\000f\000o\000r\000m\000a\000t\000i\000o\000n}{section.5}% 13
\BOOKMARK [1][-]{section.6}{\376\377\000P\000r\000a\000c\000t\000i\000c\000a\000l\000\040\000E\000x\000a\000m\000p\000l\000e\000:\000\040\000F\000u\000l\000l\000\040\000W\000o\000r\000k\000f\000l\000o\000w}{}% 14
\BOOKMARK [2][-]{subsection.6.1}{\376\377\000S\000c\000e\000n\000a\000r\000i\000o\000:\000\040\000S\000a\000l\000e\000s\000\040\000A\000n\000a\000l\000y\000s\000i\000s}{section.6}% 15
\BOOKMARK [2][-]{subsection.6.2}{\376\377\000S\000t\000e\000p\000-\000b\000y\000-\000S\000t\000e\000p\000\040\000I\000m\000p\000l\000e\000m\000e\000n\000t\000a\000t\000i\000o\000n}{section.6}% 16
\BOOKMARK [1][-]{section.7}{\376\377\000P\000e\000r\000f\000o\000r\000m\000a\000n\000c\000e\000\040\000O\000p\000t\000i\000m\000i\000z\000a\000t\000i\000o\000n\000\040\000T\000i\000p\000s}{}% 17
\BOOKMARK [2][-]{subsection.7.1}{\376\377\000I\000n\000d\000e\000x\000i\000n\000g\000\040\000S\000t\000r\000a\000t\000e\000g\000y}{section.7}% 18
\BOOKMARK [2][-]{subsection.7.2}{\376\377\000Q\000u\000e\000r\000y\000\040\000O\000p\000t\000i\000m\000i\000z\000a\000t\000i\000o\000n}{section.7}% 19
\BOOKMARK [2][-]{subsection.7.3}{\376\377\000H\000a\000n\000d\000l\000i\000n\000g\000\040\000L\000a\000r\000g\000e\000\040\000J\000o\000i\000n\000s}{section.7}% 20
\BOOKMARK [1][-]{section.8}{\376\377\000C\000o\000n\000c\000l\000u\000s\000i\000o\000n}{}% 21
